
SYMBOLS BY NAME

    5c00 ISR        _TimerA             
    1c00            ___RAM_Address      
    4000            ___RAM_Size         
       0            ___begin_IDATA0     
       0            ___begin_THREAD     
    1c00            ___begin_UDATA0     
       0            ___end_IDATA0       
       0            ___end_THREAD       
    1c02            ___end_UDATA0       
    5c1e ISR        _button_interrupt   
    5ce0 CODE       _main               
    5d78 CODE       _memcpy             
    5d88 CODE       _memset             
    1c00 UDATA0     _state              
    5ce0 CONST      thread_init_begin   
    5ce0 CONST      thread_init_end     


SYMBOLS BY VALUE

       0            ___begin_IDATA0     
       0            ___begin_THREAD     
       0            ___end_IDATA0       
       0            ___end_THREAD       
    1c00            ___RAM_Address      
    1c00            ___begin_UDATA0     
    1c00 UDATA0     _state              
    1c02            ___end_UDATA0       
    4000            ___RAM_Size         
    5c00 ISR        _TimerA             
    5c1e ISR        _button_interrupt   
    5ce0 CONST      thread_init_end     
    5ce0 CODE       _main               
    5ce0 CONST      thread_init_begin   
    5d78 CODE       _memcpy             
    5d88 CODE       _memset             
